###############################################################################
#                                                                             #
# IAR ELF Linker V6.70.1.5641/W32 for ARM               19/Oct/2015  22:30:34 #
# Copyright 2007-2013 IAR Systems AB.                                         #
#                                                                             #
#    Output file  =  C:\Users\Gln\Desktop\deskdoc\freecarsAll\Car1--ok\Car2-6 #
#                    26\ADC\Prj\IAR\DZ10_Debug\Exe\vcan_Kinetis.out           #
#    Map file     =  C:\Users\Gln\Desktop\deskdoc\freecarsAll\Car1--ok\Car2-6 #
#                    26\ADC\Prj\IAR\DZ10_Debug\List\vcan_Kinetis.map          #
#    Command line =  C:\Users\Gln\Desktop\deskdoc\freecarsAll\Car1--ok\Car2-6 #
#                    26\ADC\Prj\IAR\DZ10_Debug\Obj\AD_analysis.o              #
#                    C:\Users\Gln\Desktop\deskdoc\freecarsAll\Car1--ok\Car2-6 #
#                    26\ADC\Prj\IAR\DZ10_Debug\Obj\car_control.o              #
#                    C:\Users\Gln\Desktop\deskdoc\freecarsAll\Car1--ok\Car2-6 #
#                    26\ADC\Prj\IAR\DZ10_Debug\Obj\Data_out.o                 #
#                    C:\Users\Gln\Desktop\deskdoc\freecarsAll\Car1--ok\Car2-6 #
#                    26\ADC\Prj\IAR\DZ10_Debug\Obj\main.o                     #
#                    C:\Users\Gln\Desktop\deskdoc\freecarsAll\Car1--ok\Car2-6 #
#                    26\ADC\Prj\IAR\DZ10_Debug\Obj\misc.o                     #
#                    C:\Users\Gln\Desktop\deskdoc\freecarsAll\Car1--ok\Car2-6 #
#                    26\ADC\Prj\IAR\DZ10_Debug\Obj\MK60_adc.o                 #
#                    C:\Users\Gln\Desktop\deskdoc\freecarsAll\Car1--ok\Car2-6 #
#                    26\ADC\Prj\IAR\DZ10_Debug\Obj\MK60_conf.o                #
#                    C:\Users\Gln\Desktop\deskdoc\freecarsAll\Car1--ok\Car2-6 #
#                    26\ADC\Prj\IAR\DZ10_Debug\Obj\MK60_DWT.o                 #
#                    C:\Users\Gln\Desktop\deskdoc\freecarsAll\Car1--ok\Car2-6 #
#                    26\ADC\Prj\IAR\DZ10_Debug\Obj\MK60_flash.o               #
#                    C:\Users\Gln\Desktop\deskdoc\freecarsAll\Car1--ok\Car2-6 #
#                    26\ADC\Prj\IAR\DZ10_Debug\Obj\MK60_ftm.o                 #
#                    C:\Users\Gln\Desktop\deskdoc\freecarsAll\Car1--ok\Car2-6 #
#                    26\ADC\Prj\IAR\DZ10_Debug\Obj\MK60_gpio.o                #
#                    C:\Users\Gln\Desktop\deskdoc\freecarsAll\Car1--ok\Car2-6 #
#                    26\ADC\Prj\IAR\DZ10_Debug\Obj\MK60_i2c.o                 #
#                    C:\Users\Gln\Desktop\deskdoc\freecarsAll\Car1--ok\Car2-6 #
#                    26\ADC\Prj\IAR\DZ10_Debug\Obj\MK60_it.o                  #
#                    C:\Users\Gln\Desktop\deskdoc\freecarsAll\Car1--ok\Car2-6 #
#                    26\ADC\Prj\IAR\DZ10_Debug\Obj\MK60_lptmr.o               #
#                    C:\Users\Gln\Desktop\deskdoc\freecarsAll\Car1--ok\Car2-6 #
#                    26\ADC\Prj\IAR\DZ10_Debug\Obj\MK60_mcg.o                 #
#                    C:\Users\Gln\Desktop\deskdoc\freecarsAll\Car1--ok\Car2-6 #
#                    26\ADC\Prj\IAR\DZ10_Debug\Obj\MK60_PIT.o                 #
#                    C:\Users\Gln\Desktop\deskdoc\freecarsAll\Car1--ok\Car2-6 #
#                    26\ADC\Prj\IAR\DZ10_Debug\Obj\MK60_port.o                #
#                    C:\Users\Gln\Desktop\deskdoc\freecarsAll\Car1--ok\Car2-6 #
#                    26\ADC\Prj\IAR\DZ10_Debug\Obj\MK60_rtc.o                 #
#                    C:\Users\Gln\Desktop\deskdoc\freecarsAll\Car1--ok\Car2-6 #
#                    26\ADC\Prj\IAR\DZ10_Debug\Obj\MK60_spi.o                 #
#                    C:\Users\Gln\Desktop\deskdoc\freecarsAll\Car1--ok\Car2-6 #
#                    26\ADC\Prj\IAR\DZ10_Debug\Obj\MK60_SysTick.o             #
#                    C:\Users\Gln\Desktop\deskdoc\freecarsAll\Car1--ok\Car2-6 #
#                    26\ADC\Prj\IAR\DZ10_Debug\Obj\MK60_uart.o                #
#                    C:\Users\Gln\Desktop\deskdoc\freecarsAll\Car1--ok\Car2-6 #
#                    26\ADC\Prj\IAR\DZ10_Debug\Obj\MK60_wdog.o                #
#                    C:\Users\Gln\Desktop\deskdoc\freecarsAll\Car1--ok\Car2-6 #
#                    26\ADC\Prj\IAR\DZ10_Debug\Obj\Road_analysis.o            #
#                    C:\Users\Gln\Desktop\deskdoc\freecarsAll\Car1--ok\Car2-6 #
#                    26\ADC\Prj\IAR\DZ10_Debug\Obj\startup_MK60DZ10.o         #
#                    C:\Users\Gln\Desktop\deskdoc\freecarsAll\Car1--ok\Car2-6 #
#                    26\ADC\Prj\IAR\DZ10_Debug\Obj\system_MK60DZ10.o          #
#                    C:\Users\Gln\Desktop\deskdoc\freecarsAll\Car1--ok\Car2-6 #
#                    26\ADC\Prj\IAR\DZ10_Debug\Obj\VCAN_key.o                 #
#                    C:\Users\Gln\Desktop\deskdoc\freecarsAll\Car1--ok\Car2-6 #
#                    26\ADC\Prj\IAR\DZ10_Debug\Obj\VCAN_LED.o                 #
#                    C:\Users\Gln\Desktop\deskdoc\freecarsAll\Car1--ok\Car2-6 #
#                    26\ADC\Prj\IAR\DZ10_Debug\Obj\VCAN_MMA7455.o             #
#                    C:\Users\Gln\Desktop\deskdoc\freecarsAll\Car1--ok\Car2-6 #
#                    26\ADC\Prj\IAR\DZ10_Debug\Obj\VCAN_NRF24L0.o             #
#                    C:\Users\Gln\Desktop\deskdoc\freecarsAll\Car1--ok\Car2-6 #
#                    26\ADC\Prj\IAR\DZ10_Debug\Obj\VCAN_RTC_count.o           #
#                    C:\Users\Gln\Desktop\deskdoc\freecarsAll\Car1--ok\Car2-6 #
#                    26\ADC\Prj\IAR\DZ10_Debug\Obj\vectors.o --redirect       #
#                    _Printf=_PrintfLargeNoMb --redirect                      #
#                    _Scanf=_ScanfLargeNoMb -o C:\Users\Gln\Desktop\deskdoc\f #
#                    reecarsAll\Car1--ok\Car2-626\ADC\Prj\IAR\DZ10_Debug\Exe\ #
#                    vcan_Kinetis.out --map C:\Users\Gln\Desktop\deskdoc\free #
#                    carsAll\Car1--ok\Car2-626\ADC\Prj\IAR\DZ10_Debug\List\vc #
#                    an_Kinetis.map --config "C:\Users\Gln\Desktop\deskdoc\fr #
#                    eecarsAll\Car1--ok\Car2-626\ADC\Prj\IAR\config           #
#                    files\vcan_ROM_K60N512.icf"                              #
#                    C:\Users\Gln\Desktop\deskdoc\freecarsAll\Car1--ok\Car2-6 #
#                    26\ADC\Prj\IAR\..\..\Lib\CMSIS\iar_cortexM4l_math.a      #
#                    --entry __iar_program_start --vfe                        #
#                                                                             #
#                                                                             #
###############################################################################

*******************************************************************************
*** RUNTIME MODEL ATTRIBUTES
***

CppFlavor       = *
__SystemLibrary = DLib


*******************************************************************************
*** PLACEMENT SUMMARY
***

"A1":  place at 0x00000000 { ro section .intvec };
"A2":  place at 0x00000410 { ro section .noinit };
"P1":  place in [from 0x00000000 to 0x00080000] { ro, block CodeRelocate };
"P2":  place in [from 0x1fff0410 to 0x20010000] {
          rw, block CodeRelocateRam, block CSTACK, block HEAP };

  Section              Kind        Address    Size  Object
  -------              ----        -------    ----  ------
"A1":                                        0x410
  .intvec              const    0x00000000   0x410  vectors.o [1]
                              - 0x00000410   0x410

"P1", part 1 of 2:                             0x0
  .rodata              const    0x00000410     0x0  zero_init3.o [5]

"A2":                                          0x8
  .noinit              ro code  0x00000410     0x8  startup_MK60DZ10.o [1]
                              - 0x00000418     0x8

"P1", part 2 of 2:                          0x4388
  .text                ro code  0x00000418   0xbf2  xprintflarge_nomb.o [3]
  .text                ro code  0x0000100a    0x22  zero_init3.o [5]
  .text                ro code  0x0000102c    0x16  strchr.o [5]
  .text                ro code  0x00001044    0x36  strlen.o [5]
  .text                ro code  0x0000107c    0x58  memchr.o [5]
  .text                ro code  0x000010d4    0xee  I64DivMod.o [5]
  .text                ro code  0x000011c4    0x76  ABImemcpy_unaligned.o [5]
  .text                ro code  0x0000123a    0x42  xdnorm.o [4]
  .text                ro code  0x0000127c    0x2e  DblCmpLe.o [4]
  .text                ro code  0x000012ac   0x1a2  DblMul.o [4]
  .text                ro code  0x00001450   0x246  DblDiv.o [4]
  .text                ro code  0x00001698    0x2c  DblToI32.o [4]
  .text                ro code  0x000016c4    0x1c  I32ToDbl.o [4]
  .text                ro code  0x000016e0   0x180  DblSub.o [4]
  .text                ro code  0x00001860    0x6c  localeconv.o [3]
  .text                ro code  0x000018cc     0xe  div.o [3]
  .text                ro code  0x000018dc     0x2  I64DivZer.o [5]
  .text                ro code  0x000018e0    0xd4  DblAdd.o [4]
  .text                ro code  0x000019b4     0x2  xtls.o [3]
  .data_init                    0x000019b8   0x82c  <Block>
    Initializer bytes  ro data  0x000019b8   0x82c  <for .data-1>
  Veneer               ro code  0x000021e4     0x8  - Linker created -
  Veneer               ro code  0x000021ec     0x8  - Linker created -
  .text                ro code  0x000021f4   0x5bc  AD_analysis.o [1]
  .text                ro code  0x000027b0   0x334  MK60_adc.o [1]
  .text                ro code  0x00002ae4    0xac  VCAN_LED.o [1]
  .text                ro code  0x00002b90   0x19c  MK60_gpio.o [1]
  .text                ro code  0x00002d2c   0x4a0  MK60_ftm.o [1]
  .text                ro code  0x000031cc   0x12c  MK60_PIT.o [1]
  Veneer               ro code  0x000032f8     0x8  - Linker created -
  .text                ro code  0x00003300   0x180  MK60_conf.o [1]
  .text                ro code  0x00003480    0xb0  MK60_port.o [1]
  .text                ro code  0x00003530    0x24  printf.o [3]
  .text                ro code  0x00003554   0x24c  MK60_uart.o [1]
  .text                ro code  0x000037a0    0xa8  VCAN_key.o [1]
  Veneer               ro code  0x00003848     0x8  - Linker created -
  .text                ro code  0x00003850   0x3b4  MK60_mcg.o [1]
  .text                ro code  0x00003c04   0x204  main.o [1]
  .text                ro code  0x00003e08   0x15e  MK60_it.o [1]
  .text                ro code  0x00003f68    0xe8  Road_analysis.o [1]
  .text                ro code  0x00004050    0x50  misc.o [1]
  CodeRelocate                  0x000040a0   0x1d4  <Block>
    Initializer bytes  ro data  0x000040a0   0x1d4  <for CodeRelocateRam-1>
  .text                ro code  0x00004274   0x130  system_MK60DZ10.o [1]
  .text                ro code  0x000043a4    0x40  MK60_wdog.o [1]
  .rodata              const    0x000043e4    0x4c  MK60_flash.o [1]
  .rodata              const    0x00004430    0x4c  MK60_ftm.o [1]
  .rodata              const    0x0000447c    0x48  MK60_adc.o [1]
  .rodata              const    0x000044c4    0x48  MK60_gpio.o [1]
  .rodata              const    0x0000450c    0x48  MK60_PIT.o [1]
  .rodata              const    0x00004554    0x48  MK60_uart.o [1]
  .rodata              const    0x0000459c    0x44  misc.o [1]
  .rodata              const    0x000045e0    0x3c  MK60_conf.o [1]
  .text                ro code  0x0000461c    0x28  data_init.o [5]
  .rodata              const    0x00004644    0x24  MK60_conf.o [1]
  .iar.init_table      const    0x00004668    0x10  - Linker created -
  .rodata              const    0x00004678    0x20  MK60_conf.o [1]
  .text                ro code  0x00004698    0x1a  cmain.o [5]
  .text                ro code  0x000046b2     0x4  low_level_init.o [3]
  .text                ro code  0x000046b6     0x4  exit.o [3]
  .text                ro code  0x000046bc     0xa  cexit.o [5]
  .text                ro code  0x000046c8     0xc  XXexit.o [5]
  .text                ro code  0x000046d4    0x16  xprout.o [3]
  .text                ro code  0x000046ec     0xc  putchar.o [3]
  .rodata              const    0x000046f8    0x14  MK60_conf.o [1]
  .text                ro code  0x0000470c     0xc  cstartup_M.o [5]
  Initializer bytes    ro data  0x00004718    0x88  <for P2 s0>
                              - 0x000047a0  0x4388

"P2", part 1 of 3:                           0xa00
  .data                         0x1fff0410   0x82c  <Block>
    .data-1                     0x1fff0410   0x82c  <Init block>
      .data            inited   0x1fff0410    0x10  AD_analysis.o [1]
      .data            inited   0x1fff0420     0x8  MK60_adc.o [1]
      .data            inited   0x1fff0428   0x708  MK60_conf.o [1]
      .data            inited   0x1fff0b30     0xc  MK60_ftm.o [1]
      .data            inited   0x1fff0b3c    0x14  MK60_gpio.o [1]
      .data            inited   0x1fff0b50     0x4  MK60_it.o [1]
      .data            inited   0x1fff0b54    0x44  MK60_mcg.o [1]
      .data            inited   0x1fff0b98     0x4  MK60_mcg.o [1]
      .data            inited   0x1fff0b9c    0x14  MK60_port.o [1]
      .data            inited   0x1fff0bb0    0x18  MK60_uart.o [1]
      .data            inited   0x1fff0bc8    0x28  Road_analysis.o [1]
      .data            inited   0x1fff0bf0     0x8  VCAN_key.o [1]
      .data            inited   0x1fff0bf8     0x4  VCAN_LED.o [1]
      .data            inited   0x1fff0bfc    0x40  xfiles.o [3]
  CodeRelocateRam               0x1fff0c3c   0x1d4  <Block>
    CodeRelocateRam-1           0x1fff0c3c   0x1d4  <Init block>
      Veneer           inited   0x1fff0c3c     0x8  - Linker created -
      Veneer           inited   0x1fff0c44     0x8  - Linker created -
      .textrw          inited   0x1fff0c4c   0x174  MK60_flash.o [1]
      .textrw          inited   0x1fff0dc0    0x50  MK60_mcg.o [1]
                              - 0x1fff0e10   0xa00

"P2", part 2 of 3:                           0x198
  .bss                          0x1fff0e10   0x198  <Block>
    .bss               zero     0x1fff0e10    0x10  AD_analysis.o [1]
    .bss               zero     0x1fff0e20    0x1c  AD_analysis.o [1]
    .bss               zero     0x1fff0e3c    0xe0  AD_analysis.o [1]
    .bss               zero     0x1fff0f1c    0x1c  AD_analysis.o [1]
    .bss               zero     0x1fff0f38     0x4  MK60_it.o [1]
    .bss               zero     0x1fff0f3c     0x4  MK60_it.o [1]
    .bss               zero     0x1fff0f40     0x4  MK60_it.o [1]
    .bss               zero     0x1fff0f44     0x4  system_MK60DZ10.o [1]
    .bss               zero     0x1fff0f48     0x4  system_MK60DZ10.o [1]
    .bss               zero     0x1fff0f4c     0x4  system_MK60DZ10.o [1]
    .bss               zero     0x1fff0f50    0x50  xfiles.o [3]
    .bss               zero     0x1fff0fa0     0x2  Road_analysis.o [1]
    .bss               zero     0x1fff0fa2     0x2  Road_analysis.o [1]
    .bss               zero     0x1fff0fa4     0x2  Road_analysis.o [1]
    .bss               zero     0x1fff0fa6     0x2  Road_analysis.o [1]
                              - 0x1fff0fa8   0x198

"P2", part 3 of 3:                            0x88
  P2 s0                         0x1fff0fa8    0x88  <Init block>
    __DLIB_PERTHREAD   inited   0x1fff0fa8    0x88  localeconv.o [3]
                              - 0x1fff1030    0x88


*******************************************************************************
*** INIT TABLE
***

          Address     Size
          -------     ----
Zero (__iar_zero_init3)
    1 destination range, total size 0x198:
          0x1fff0e10  0x198



*******************************************************************************
*** MODULE SUMMARY
***

    Module                 ro code  rw code  ro data  rw data
    ------                 -------  -------  -------  -------
C:\Users\Gln\Desktop\deskdoc\freecarsAll\Car1--ok\Car2-626\ADC\Prj\IAR\DZ10_Debug\Obj: [1]
    AD_analysis.o            1 468                16      312
    MK60_PIT.o                 300                72
    MK60_adc.o                 820                80        8
    MK60_conf.o                384             1 948    1 800
    MK60_flash.o                        372      448
    MK60_ftm.o               1 184                88       12
    MK60_gpio.o                412                92       20
    MK60_it.o                  350                 4       16
    MK60_mcg.o                 948       80      152       72
    MK60_port.o                176                20       20
    MK60_uart.o                588                96       24
    MK60_wdog.o                 64
    Road_analysis.o            232                40       48
    VCAN_LED.o                 172                 4        4
    VCAN_key.o                 168                 8        8
    main.o                     516
    misc.o                      80                68
    startup_MK60DZ10.o           8
    system_MK60DZ10.o          304                         12
    vectors.o                                  1 040
    ---------------------------------------------------------
    Total:                   8 174      452    4 176    2 356

command line: [2]
    ---------------------------------------------------------
    Total:

dl7M_tlf.a: [3]
    div.o                       14
    exit.o                       4
    localeconv.o               108               136      136
    low_level_init.o             4
    printf.o                    36
    putchar.o                   12
    xfiles.o                                      64      144
    xprintflarge_nomb.o      3 058
    xprout.o                    22
    xtls.o                       2
    ---------------------------------------------------------
    Total:                   3 260               200      280

m7M_tl.a: [4]
    DblAdd.o                   212
    DblCmpLe.o                  46
    DblDiv.o                   582
    DblMul.o                   418
    DblSub.o                   384
    DblToI32.o                  44
    I32ToDbl.o                  28
    xdnorm.o                    66
    ---------------------------------------------------------
    Total:                   1 780

rt7M_tl.a: [5]
    ABImemcpy_unaligned.o      118
    I64DivMod.o                238
    I64DivZer.o                  2
    XXexit.o                    12
    cexit.o                     10
    cmain.o                     26
    cstartup_M.o                12
    data_init.o                 40
    memchr.o                    88
    strchr.o                    22
    strlen.o                    54
    zero_init3.o                34
    ---------------------------------------------------------
    Total:                     656

    Gaps                        24
    Linker created              32       16       32
-------------------------------------------------------------
    Grand Total:            13 926      468    4 408    2 636


*******************************************************************************
*** ENTRY LIST
***

Entry                      Address   Size  Type      Object
-----                      -------   ----  ----      ------
.bss$$Base              0x1fff0e10          --   Gb  - Linker created -
.bss$$Limit             0x1fff0fa8          --   Gb  - Linker created -
.data$$Base             0x1fff0410          --   Gb  - Linker created -
.data$$Limit            0x1fff0c3c          --   Gb  - Linker created -
.data_init$$Base        0x000019b8          --   Gb  - Linker created -
.data_init$$Limit       0x000021e4          --   Gb  - Linker created -
?main                   0x00004699         Code  Gb  cmain.o [5]
ABDistance              0x1fff0f40    0x4  Data  Gb  MK60_it.o [1]
ADCN                    0x1fff0420    0x8  Data  Gb  MK60_adc.o [1]
AD_V                    0x1fff0e3c   0xe0  Data  Gb  AD_analysis.o [1]
AD_coe                  0x1fff0410   0x10  Data  Gb  AD_analysis.o [1]
AD_forward_max_collect  0x000026a7   0xee  Code  Gb  AD_analysis.o [1]
AD_max_collect          0x000025a7  0x100  Code  Gb  AD_analysis.o [1]
AD_sum                  0x1fff0f1c   0x1c  Data  Gb  AD_analysis.o [1]
AD_valu                 0x1fff0e20   0x1c  Data  Gb  AD_analysis.o [1]
ALL_NVIC_EnableIRQ      0x00003f51   0x16  Code  Gb  MK60_it.o [1]
ASSERT_FAILED_STR       0x00004644   0x24  Data  Gb  MK60_conf.o [1]
All_set_vector_handler  0x00003ef7   0x1c  Code  Gb  MK60_it.o [1]
CodeRelocate$$Base      0x000040a0          --   Gb  - Linker created -
CodeRelocate$$Limit     0x00004274          --   Gb  - Linker created -
CodeRelocateRam$$Base   0x1fff0c3c          --   Gb  - Linker created -
CodeRelocateRam$$Limit  0x1fff0e10          --   Gb  - Linker created -
FTMN                    0x1fff0b30    0xc  Data  Gb  MK60_ftm.o [1]
FTM_port_mux            0x00002d2d  0x118  Code  Lc  MK60_ftm.o [1]
GPIOX                   0x1fff0b3c   0x14  Data  Gb  MK60_gpio.o [1]
Gcount                  0x1fff0f38    0x4  Data  Gb  MK60_it.o [1]
KEY_PTxn                0x1fff0bf0    0x8  Data  Gb  VCAN_key.o [1]
LED_PTxn                0x1fff0bf8    0x4  Data  Gb  VCAN_LED.o [1]
MOTO_FLAG               0x1fff0b50    0x4  Data  Gb  MK60_it.o [1]
NVIC_EnableIRQ          0x00003e09   0x18  Code  Lc  MK60_it.o [1]
NVIC_SystemReset        0x00003301   0x1a  Code  Lc  MK60_conf.o [1]
PIT0_IRQHandler         0x00003e21   0x18  Code  Gb  MK60_it.o [1]
PORTC_IRQHandler        0x00003ec3   0x34  Code  Gb  MK60_it.o [1]
PORTD_IRQHandler        0x00003e39   0x8a  Code  Gb  MK60_it.o [1]
PORTX                   0x1fff0b9c   0x14  Data  Gb  MK60_port.o [1]
Parameter_Adjust        0x00003f69   0xd4  Code  Gb  Road_analysis.o [1]
Read_ADC                0x000021f5  0x3b2  Code  Gb  AD_analysis.o [1]
Region$$Table$$Base     0x00004668          --   Gb  - Linker created -
Region$$Table$$Limit    0x00004678          --   Gb  - Linker created -
Reset_Handler           0x00000411         Code  Gb  startup_MK60DZ10.o [1]
Speed_Max               0x1fff0fa0    0x2  Data  Gb  Road_analysis.o [1]
Speed_Min               0x1fff0fa2    0x2  Data  Gb  Road_analysis.o [1]
Speed_Ramp              0x1fff0fa4    0x2  Data  Gb  Road_analysis.o [1]
Speed_table             0x1fff0bc8   0x28  Data  Gb  Road_analysis.o [1]
Stright_Speed           0x1fff0fa6    0x2  Data  Gb  Road_analysis.o [1]
UARTN                   0x1fff0bb0   0x18  Data  Gb  MK60_uart.o [1]
_GenldLargeNoMb         0x00000d8d  0x234  Code  Lc  xprintflarge_nomb.o [3]
_LdtobLargeNoMb         0x00000b09  0x27e  Code  Lc  xprintflarge_nomb.o [3]
_LitobLargeNoMb         0x000009f5  0x10c  Code  Lc  xprintflarge_nomb.o [3]
_Locale_aeabi_lconv     0x1fff0ff8   0x38  Data  Gb  localeconv.o [3]
_Locale_lconv           0x1fff0fa8   0x50  Data  Gb  localeconv.o [3]
_PrintfLargeNoMb        0x00000419  0x5d6  Code  Gb  xprintflarge_nomb.o [3]
_Prout                  0x000046d5   0x16  Code  Gb  xprout.o [3]
_PutcharsLargeNoMb      0x00000fc1   0x2e  Code  Lc  xprintflarge_nomb.o [3]
__BOOT_STACK_ADDRESS {Abs}
                        0x2000fff8          --   Gb  command line/config [2]
__VECTOR_RAM {Abs}      0x1fff0000          --   Gb  command line/config [2]
__VECTOR_TABLE {Abs}    0x00000000          --   Gb  command line/config [2]
__aeabi_cdcmple         0x0000127d         Code  Gb  DblCmpLe.o [4]
__aeabi_d2uiz           0x00001699         Code  Gb  DblToI32.o [4]
__aeabi_ddiv            0x00001451         Code  Gb  DblDiv.o [4]
__aeabi_dmul            0x000012ad         Code  Gb  DblMul.o [4]
__aeabi_dsub            0x000016e1         Code  Gb  DblSub.o [4]
__aeabi_ldiv0           0x000018dd         Code  Gb  I64DivZer.o [5]
__aeabi_ui2d            0x000016c5         Code  Gb  I32ToDbl.o [4]
__aeabi_uldivmod        0x000010d5         Code  Gb  I64DivMod.o [5]
__cmain                 0x00004699         Code  Gb  cmain.o [5]
__code_start__ {Abs}    0x00000410          --   Gb  command line/config [2]
__exit                  0x000046c9         Code  Gb  XXexit.o [5]
__iar_Dnorm             0x0000123b   0x42  Code  Gb  xdnorm.o [4]
__iar_Locale_lconv_init
                        0x00001861   0x3a  Code  Gb  localeconv.o [3]
__iar_Memchr            0x0000107d         Code  Gb  memchr.o [5]
__iar_Stdout            0x1fff0bfc   0x40  Data  Gb  xfiles.o [3]
__iar_Strchr            0x0000102d         Code  Gb  strchr.o [5]
__iar_d2uiz             0x000016a5         Code  Gb  DblToI32.o [4]
__iar_dadd              0x000018e1         Code  Gb  DblAdd.o [4]
__iar_data_init3        0x0000461d   0x28  Code  Gb  data_init.o [5]
__iar_dlib_perthread_access
                        0x000019b5    0x2  Code  Gb  xtls.o [3]
__iar_dsub              0x000016f5         Code  Gb  DblSub.o [4]
__iar_dsubStart         0x00001707         Code  Gb  DblSub.o [4]
__iar_program_start     0x0000470d         Code  Gb  cstartup_M.o [5]
__iar_ui2d              0x000016c9         Code  Gb  I32ToDbl.o [4]
__iar_unaligned___aeabi_memcpy
                        0x000011c5         Code  Gb  ABImemcpy_unaligned.o [5]
__iar_unaligned___aeabi_memcpy4
                        0x000011e5         Code  Gb  ABImemcpy_unaligned.o [5]
__iar_unaligned___aeabi_memcpy8
                        0x000011e5         Code  Gb  ABImemcpy_unaligned.o [5]
__iar_zero_init3        0x0000100b   0x22  Code  Gb  zero_init3.o [5]
__low_level_init        0x000046b3    0x4  Code  Gb  low_level_init.o [3]
__vector_table          0x00000000  0x410  Data  Gb  vectors.o [1]
_call_main              0x000046a5         Code  Gb  cmain.o [5]
_exit                   0x000046bd         Code  Gb  cexit.o [5]
_main                   0x000046af         Code  Gb  cmain.o [5]
adc_ave                 0x00002a6d   0x62  Code  Gb  MK60_adc.o [1]
adc_init                0x000027b1  0x228  Code  Gb  MK60_adc.o [1]
adc_once                0x000029d9   0x50  Code  Gb  MK60_adc.o [1]
adc_start               0x00002a29   0x44  Code  Lc  MK60_adc.o [1]
assert_failed           0x0000331b   0x30  Code  Gb  MK60_conf.o [1]
bus_clk_khz             0x1fff0f4c    0x4  Data  Gb  system_MK60DZ10.o [1]
chaoshengboTime         0x1fff0f3c    0x4  Data  Gb  MK60_it.o [1]
common_startup          0x000042d3   0x98  Code  Gb  system_MK60DZ10.o [1]
core_clk_khz            0x1fff0f44    0x4  Data  Gb  system_MK60DZ10.o [1]
core_clk_mhz            0x1fff0f48    0x4  Data  Gb  system_MK60DZ10.o [1]
default_isr             0x00003421   0x3a  Code  Gb  MK60_conf.o [1]
div                     0x000018cd    0xe  Code  Gb  div.o [3]
exit                    0x000046b7    0x4  Code  Gb  exit.o [3]
flash_cmd               0x1fff0c4d   0x20  Code  Gb  MK60_flash.o [1]
flash_erase_sector      0x1fff0ca7   0x58  Code  Gb  MK60_flash.o [1]
flash_init              0x1fff0c6d   0x3a  Code  Gb  MK60_flash.o [1]
flash_write             0x1fff0cff   0x8e  Code  Gb  MK60_flash.o [1]
fputc                   0x0000334b   0x14  Code  Gb  MK60_conf.o [1]
ftm_pwm_duty            0x00002fc1   0xf0  Code  Gb  MK60_ftm.o [1]
ftm_pwm_init            0x00002e45  0x17c  Code  Gb  MK60_ftm.o [1]
ftm_quad_init           0x000030b1  0x106  Code  Gb  MK60_ftm.o [1]
gpio_get                0x00002ce9   0x3a  Code  Gb  MK60_gpio.o [1]
gpio_init               0x00002b91   0xae  Code  Gb  MK60_gpio.o [1]
gpio_set                0x00002c3f   0x72  Code  Gb  MK60_gpio.o [1]
gpio_turn               0x00002cb1   0x38  Code  Gb  MK60_gpio.o [1]
key_check               0x0000380d   0x34  Code  Gb  VCAN_key.o [1]
key_get                 0x000037f3   0x1a  Code  Gb  VCAN_key.o [1]
key_init                0x000037a1   0x52  Code  Gb  VCAN_key.o [1]
led                     0x00002b1f   0x3c  Code  Gb  VCAN_LED.o [1]
led_init                0x00002ae5   0x3a  Code  Gb  VCAN_LED.o [1]
led_turn                0x00002b5b   0x32  Code  Gb  VCAN_LED.o [1]
localeconv              0x0000189b   0x16  Code  Gb  localeconv.o [3]
main                    0x00003c05   0x40  Code  Gb  main.o [1]
max_v                   0x1fff0e10   0x10  Data  Gb  AD_analysis.o [1]
mcg_cfg                 0x1fff0b54   0x44  Data  Gb  MK60_mcg.o [1]
mcg_div                 0x1fff0b98    0x4  Data  Gb  MK60_mcg.o [1]
mcg_div_count           0x00003851  0x2e6  Code  Gb  MK60_mcg.o [1]
memchr                  0x0000107d         Code  Gb  memchr.o [5]
obuf                    0x1fff0f50   0x50  Data  Lc  xfiles.o [3]
pit_delay               0x00003239   0xb0  Code  Gb  MK60_PIT.o [1]
pit_init                0x000031cd   0x6c  Code  Gb  MK60_PIT.o [1]
pll_init                0x00003b37   0xb2  Code  Gb  MK60_mcg.o [1]
port_init               0x00003481   0x44  Code  Gb  MK60_port.o [1]
port_init_NoALT         0x000034c5   0x62  Code  Gb  MK60_port.o [1]
printf                  0x00003531   0x24  Code  Gb  printf.o [3]
putchar                 0x000046ed    0xc  Code  Gb  putchar.o [3]
set_sys_dividers        0x1fff0dc1   0x50  Code  Gb  MK60_mcg.o [1]
set_vector_handler      0x00004073   0x22  Code  Gb  misc.o [1]
start                   0x00004275   0x22  Code  Gb  system_MK60DZ10.o [1]
start_check             0x0000335f   0xc2  Code  Gb  MK60_conf.o [1]
strchr                  0x0000102d         Code  Gb  strchr.o [5]
strlen                  0x00001045         Code  Gb  strlen.o [5]
sysinit                 0x00004297   0x3c  Code  Gb  system_MK60DZ10.o [1]
system_init             0x00003c45  0x1ba  Code  Gb  main.o [1]
uart_init               0x00003555  0x218  Code  Gb  MK60_uart.o [1]
uart_putchar            0x0000376d   0x1a  Code  Gb  MK60_uart.o [1]
vector_str              0x1fff0428  0x708  Data  Gb  MK60_conf.o [1]
wdog_disable            0x000043a5   0x16  Code  Gb  MK60_wdog.o [1]
wdog_unlock             0x000043bb   0x20  Code  Lc  MK60_wdog.o [1]
write_vtor              0x00004051   0x22  Code  Gb  misc.o [1]


[1] = C:\Users\Gln\Desktop\deskdoc\freecarsAll\Car1--ok\Car2-626\ADC\Prj\IAR\DZ10_Debug\Obj
[2] = command line
[3] = dl7M_tlf.a
[4] = m7M_tl.a
[5] = rt7M_tl.a

  13 926 bytes of readonly  code memory
     468 bytes of readwrite code memory
   4 408 bytes of readonly  data memory
   2 636 bytes of readwrite data memory

Errors: none
Warnings: none
